Analysis & Synthesis report for spi_mem
Wed Apr 30 18:16:09 2025
Quartus Prime Version 20.1.1 Build 720 11/11/2020 SJ Lite Edition


---------------------
; Table of Contents ;
---------------------
  1. Legal Notice
  2. Analysis & Synthesis Summary
  3. Analysis & Synthesis Settings
  4. Parallel Compilation
  5. Analysis & Synthesis Source Files Read
  6. Analysis & Synthesis Resource Usage Summary
  7. Analysis & Synthesis Resource Utilization by Entity
  8. State Machine - |spi_mem|state
  9. State Machine - |spi_mem|servant_spi_master_if:spi_master_if|state
 10. Registers Removed During Synthesis
 11. Removed Registers Triggering Further Register Optimizations
 12. General Register Statistics
 13. Inverted Register Statistics
 14. Multiplexer Restructuring Statistics (Restructuring Performed)
 15. Parameter Settings for User Entity Instance: servant_spi_master_if:spi_master_if
 16. Port Connectivity Checks: "servant_spi_master_if:spi_master_if"
 17. Post-Synthesis Netlist Statistics for Top Partition
 18. Elapsed Time Per Partition
 19. Analysis & Synthesis Messages



----------------
; Legal Notice ;
----------------
Copyright (C) 2020  Intel Corporation. All rights reserved.
Your use of Intel Corporation's design tools, logic functions 
and other software and tools, and any partner logic 
functions, and any output files from any of the foregoing 
(including device programming or simulation files), and any 
associated documentation or information are expressly subject 
to the terms and conditions of the Intel Program License 
Subscription Agreement, the Intel Quartus Prime License Agreement,
the Intel FPGA IP License Agreement, or other applicable license
agreement, including, without limitation, that your use is for
the sole purpose of programming logic devices manufactured by
Intel and sold by Intel or its authorized distributors.  Please
refer to the applicable agreement for further details, at
https://fpgasoftware.intel.com/eula.



+----------------------------------------------------------------------------------+
; Analysis & Synthesis Summary                                                     ;
+------------------------------------+---------------------------------------------+
; Analysis & Synthesis Status        ; Successful - Wed Apr 30 18:16:09 2025       ;
; Quartus Prime Version              ; 20.1.1 Build 720 11/11/2020 SJ Lite Edition ;
; Revision Name                      ; spi_mem                                     ;
; Top-level Entity Name              ; spi_mem                                     ;
; Family                             ; Cyclone IV E                                ;
; Total logic elements               ; 215                                         ;
;     Total combinational functions  ; 153                                         ;
;     Dedicated logic registers      ; 129                                         ;
; Total registers                    ; 129                                         ;
; Total pins                         ; 15                                          ;
; Total virtual pins                 ; 0                                           ;
; Total memory bits                  ; 0                                           ;
; Embedded Multiplier 9-bit elements ; 0                                           ;
; Total PLLs                         ; 0                                           ;
+------------------------------------+---------------------------------------------+


+------------------------------------------------------------------------------------------------------------+
; Analysis & Synthesis Settings                                                                              ;
+------------------------------------------------------------------+--------------------+--------------------+
; Option                                                           ; Setting            ; Default Value      ;
+------------------------------------------------------------------+--------------------+--------------------+
; Device                                                           ; EP4CE22F17C6       ;                    ;
; Top-level entity name                                            ; spi_mem            ; spi_mem            ;
; Family name                                                      ; Cyclone IV E       ; Cyclone V          ;
; Use smart compilation                                            ; Off                ; Off                ;
; Enable parallel Assembler and Timing Analyzer during compilation ; On                 ; On                 ;
; Enable compact report table                                      ; Off                ; Off                ;
; Restructure Multiplexers                                         ; Auto               ; Auto               ;
; Create Debugging Nodes for IP Cores                              ; Off                ; Off                ;
; Preserve fewer node names                                        ; On                 ; On                 ;
; Intel FPGA IP Evaluation Mode                                    ; Enable             ; Enable             ;
; Verilog Version                                                  ; Verilog_2001       ; Verilog_2001       ;
; VHDL Version                                                     ; VHDL_1993          ; VHDL_1993          ;
; State Machine Processing                                         ; Auto               ; Auto               ;
; Safe State Machine                                               ; Off                ; Off                ;
; Extract Verilog State Machines                                   ; On                 ; On                 ;
; Extract VHDL State Machines                                      ; On                 ; On                 ;
; Ignore Verilog initial constructs                                ; Off                ; Off                ;
; Iteration limit for constant Verilog loops                       ; 5000               ; 5000               ;
; Iteration limit for non-constant Verilog loops                   ; 250                ; 250                ;
; Add Pass-Through Logic to Inferred RAMs                          ; On                 ; On                 ;
; Infer RAMs from Raw Logic                                        ; On                 ; On                 ;
; Parallel Synthesis                                               ; On                 ; On                 ;
; DSP Block Balancing                                              ; Auto               ; Auto               ;
; NOT Gate Push-Back                                               ; On                 ; On                 ;
; Power-Up Don't Care                                              ; On                 ; On                 ;
; Remove Redundant Logic Cells                                     ; Off                ; Off                ;
; Remove Duplicate Registers                                       ; On                 ; On                 ;
; Ignore CARRY Buffers                                             ; Off                ; Off                ;
; Ignore CASCADE Buffers                                           ; Off                ; Off                ;
; Ignore GLOBAL Buffers                                            ; Off                ; Off                ;
; Ignore ROW GLOBAL Buffers                                        ; Off                ; Off                ;
; Ignore LCELL Buffers                                             ; Off                ; Off                ;
; Ignore SOFT Buffers                                              ; On                 ; On                 ;
; Limit AHDL Integers to 32 Bits                                   ; Off                ; Off                ;
; Optimization Technique                                           ; Balanced           ; Balanced           ;
; Carry Chain Length                                               ; 70                 ; 70                 ;
; Auto Carry Chains                                                ; On                 ; On                 ;
; Auto Open-Drain Pins                                             ; On                 ; On                 ;
; Perform WYSIWYG Primitive Resynthesis                            ; Off                ; Off                ;
; Auto ROM Replacement                                             ; On                 ; On                 ;
; Auto RAM Replacement                                             ; On                 ; On                 ;
; Auto DSP Block Replacement                                       ; On                 ; On                 ;
; Auto Shift Register Replacement                                  ; Auto               ; Auto               ;
; Allow Shift Register Merging across Hierarchies                  ; Auto               ; Auto               ;
; Auto Clock Enable Replacement                                    ; On                 ; On                 ;
; Strict RAM Replacement                                           ; Off                ; Off                ;
; Allow Synchronous Control Signals                                ; On                 ; On                 ;
; Force Use of Synchronous Clear Signals                           ; Off                ; Off                ;
; Auto RAM Block Balancing                                         ; On                 ; On                 ;
; Auto RAM to Logic Cell Conversion                                ; Off                ; Off                ;
; Auto Resource Sharing                                            ; Off                ; Off                ;
; Allow Any RAM Size For Recognition                               ; Off                ; Off                ;
; Allow Any ROM Size For Recognition                               ; Off                ; Off                ;
; Allow Any Shift Register Size For Recognition                    ; Off                ; Off                ;
; Use LogicLock Constraints during Resource Balancing              ; On                 ; On                 ;
; Ignore translate_off and synthesis_off directives                ; Off                ; Off                ;
; Timing-Driven Synthesis                                          ; On                 ; On                 ;
; Report Parameter Settings                                        ; On                 ; On                 ;
; Report Source Assignments                                        ; On                 ; On                 ;
; Report Connectivity Checks                                       ; On                 ; On                 ;
; Ignore Maximum Fan-Out Assignments                               ; Off                ; Off                ;
; Synchronization Register Chain Length                            ; 2                  ; 2                  ;
; Power Optimization During Synthesis                              ; Normal compilation ; Normal compilation ;
; HDL message level                                                ; Level2             ; Level2             ;
; Suppress Register Optimization Related Messages                  ; Off                ; Off                ;
; Number of Removed Registers Reported in Synthesis Report         ; 5000               ; 5000               ;
; Number of Swept Nodes Reported in Synthesis Report               ; 5000               ; 5000               ;
; Number of Inverted Registers Reported in Synthesis Report        ; 100                ; 100                ;
; Clock MUX Protection                                             ; On                 ; On                 ;
; Auto Gated Clock Conversion                                      ; Off                ; Off                ;
; Block Design Naming                                              ; Auto               ; Auto               ;
; SDC constraint protection                                        ; Off                ; Off                ;
; Synthesis Effort                                                 ; Auto               ; Auto               ;
; Shift Register Replacement - Allow Asynchronous Clear Signal     ; On                 ; On                 ;
; Pre-Mapping Resynthesis Optimization                             ; Off                ; Off                ;
; Analysis & Synthesis Message Level                               ; Medium             ; Medium             ;
; Disable Register Merging Across Hierarchies                      ; Auto               ; Auto               ;
; Resource Aware Inference For Block RAM                           ; On                 ; On                 ;
+------------------------------------------------------------------+--------------------+--------------------+


+------------------------------------------+
; Parallel Compilation                     ;
+----------------------------+-------------+
; Processors                 ; Number      ;
+----------------------------+-------------+
; Number detected on machine ; 8           ;
; Maximum allowed            ; 4           ;
;                            ;             ;
; Average used               ; 1.00        ;
; Maximum used               ; 4           ;
;                            ;             ;
; Usage by Processor         ; % Time Used ;
;     Processor 1            ; 100.0%      ;
;     Processor 2            ;   0.0%      ;
;     Processors 3-4         ;   0.0%      ;
+----------------------------+-------------+


+----------------------------------------------------------------------------------------------------------------------------------------------------------------------------------------------------------------------------------------------------------------------------------------------------------------------------------------+
; Analysis & Synthesis Source Files Read                                                                                                                                                                                                                                                                                                 ;
+-------------------------------------------------------------------------------------------------------+-----------------+------------------------+---------------------------------------------------------------------------------------------------------------------------------------------------------------------------+---------+
; File Name with User-Entered Path                                                                      ; Used in Netlist ; File Type              ; File Name with Absolute Path                                                                                                                                              ; Library ;
+-------------------------------------------------------------------------------------------------------+-----------------+------------------------+---------------------------------------------------------------------------------------------------------------------------------------------------------------------------+---------+
; serv_spi_ram-add_initial_changes/serv_spi_ram-add_initial_changes/servant/servive_clock_gen.v         ; yes             ; User Verilog HDL File  ; D:/Github/2025-fpga-design-projects-fpga_SPI_I2C/wb_spi_bridge_test/serv_spi_ram-add_initial_changes/serv_spi_ram-add_initial_changes/servant/servive_clock_gen.v         ;         ;
; spi_mem.v                                                                                             ; yes             ; User Verilog HDL File  ; D:/Github/2025-fpga-design-projects-fpga_SPI_I2C/wb_spi_bridge_test/spi_mem.v                                                                                             ;         ;
; serv_spi_ram-add_initial_changes/serv_spi_ram-add_initial_changes/servant_spi/servant_spi_master_if.v ; yes             ; User Verilog HDL File  ; D:/Github/2025-fpga-design-projects-fpga_SPI_I2C/wb_spi_bridge_test/serv_spi_ram-add_initial_changes/serv_spi_ram-add_initial_changes/servant_spi/servant_spi_master_if.v ;         ;
+-------------------------------------------------------------------------------------------------------+-----------------+------------------------+---------------------------------------------------------------------------------------------------------------------------------------------------------------------------+---------+


+-----------------------------------------------------------+
; Analysis & Synthesis Resource Usage Summary               ;
+---------------------------------------------+-------------+
; Resource                                    ; Usage       ;
+---------------------------------------------+-------------+
; Estimated Total logic elements              ; 215         ;
;                                             ;             ;
; Total combinational functions               ; 153         ;
; Logic element usage by number of LUT inputs ;             ;
;     -- 4 input functions                    ; 92          ;
;     -- 3 input functions                    ; 30          ;
;     -- <=2 input functions                  ; 31          ;
;                                             ;             ;
; Logic elements by mode                      ;             ;
;     -- normal mode                          ; 138         ;
;     -- arithmetic mode                      ; 15          ;
;                                             ;             ;
; Total registers                             ; 129         ;
;     -- Dedicated logic registers            ; 129         ;
;     -- I/O registers                        ; 0           ;
;                                             ;             ;
; I/O pins                                    ; 15          ;
;                                             ;             ;
; Embedded Multiplier 9-bit elements          ; 0           ;
;                                             ;             ;
; Maximum fan-out node                        ; i_clk~input ;
; Maximum fan-out                             ; 89          ;
; Total fan-out                               ; 929         ;
; Average fan-out                             ; 2.98        ;
+---------------------------------------------+-------------+


+-----------------------------------------------------------------------------------------------------------------------------------------------------------------------------------------------------------------------------------------------------------+
; Analysis & Synthesis Resource Utilization by Entity                                                                                                                                                                                                       ;
+------------------------------------------+---------------------+---------------------------+-------------+--------------+---------+-----------+------+--------------+----------------------------------------------+-----------------------+--------------+
; Compilation Hierarchy Node               ; Combinational ALUTs ; Dedicated Logic Registers ; Memory Bits ; DSP Elements ; DSP 9x9 ; DSP 18x18 ; Pins ; Virtual Pins ; Full Hierarchy Name                          ; Entity Name           ; Library Name ;
+------------------------------------------+---------------------+---------------------------+-------------+--------------+---------+-----------+------+--------------+----------------------------------------------+-----------------------+--------------+
; |spi_mem                                 ; 153 (48)            ; 129 (20)                  ; 0           ; 0            ; 0       ; 0         ; 15   ; 0            ; |spi_mem                                     ; spi_mem               ; work         ;
;    |servant_spi_master_if:spi_master_if| ; 103 (103)           ; 89 (89)                   ; 0           ; 0            ; 0       ; 0         ; 0    ; 0            ; |spi_mem|servant_spi_master_if:spi_master_if ; servant_spi_master_if ; work         ;
;    |servive_clock_gen:clock_gen|         ; 2 (2)               ; 20 (20)                   ; 0           ; 0            ; 0       ; 0         ; 0    ; 0            ; |spi_mem|servive_clock_gen:clock_gen         ; servive_clock_gen     ; work         ;
+------------------------------------------+---------------------+---------------------------+-------------+--------------+---------+-----------+------+--------------+----------------------------------------------+-----------------------+--------------+
Note: For table entries with two numbers listed, the numbers in parentheses indicate the number of resources of the given type used by the specific entity alone. The numbers listed outside of parentheses indicate the total resources of the given type used by the specific entity and all of its sub-entities in the hierarchy.


Encoding Type:  One-Hot
+-------------------------------------------------------------------------------------------------------------------------------------------------------------------------------------+
; State Machine - |spi_mem|state                                                                                                                                                      ;
+-------------+-------------+-------------+-------------+-------------+-------------+-------------+-------------+-------------+-------------+-------------+-------------+-------------+
; Name        ; state.01011 ; state.01010 ; state.01001 ; state.01000 ; state.00111 ; state.00110 ; state.00101 ; state.00000 ; state.00011 ; state.00010 ; state.00001 ; state.00100 ;
+-------------+-------------+-------------+-------------+-------------+-------------+-------------+-------------+-------------+-------------+-------------+-------------+-------------+
; state.00100 ; 0           ; 0           ; 0           ; 0           ; 0           ; 0           ; 0           ; 0           ; 0           ; 0           ; 0           ; 0           ;
; state.00001 ; 0           ; 0           ; 0           ; 0           ; 0           ; 0           ; 0           ; 0           ; 0           ; 0           ; 1           ; 1           ;
; state.00010 ; 0           ; 0           ; 0           ; 0           ; 0           ; 0           ; 0           ; 0           ; 0           ; 1           ; 0           ; 1           ;
; state.00011 ; 0           ; 0           ; 0           ; 0           ; 0           ; 0           ; 0           ; 0           ; 1           ; 0           ; 0           ; 1           ;
; state.00000 ; 0           ; 0           ; 0           ; 0           ; 0           ; 0           ; 0           ; 1           ; 0           ; 0           ; 0           ; 1           ;
; state.00101 ; 0           ; 0           ; 0           ; 0           ; 0           ; 0           ; 1           ; 0           ; 0           ; 0           ; 0           ; 1           ;
; state.00110 ; 0           ; 0           ; 0           ; 0           ; 0           ; 1           ; 0           ; 0           ; 0           ; 0           ; 0           ; 1           ;
; state.00111 ; 0           ; 0           ; 0           ; 0           ; 1           ; 0           ; 0           ; 0           ; 0           ; 0           ; 0           ; 1           ;
; state.01000 ; 0           ; 0           ; 0           ; 1           ; 0           ; 0           ; 0           ; 0           ; 0           ; 0           ; 0           ; 1           ;
; state.01001 ; 0           ; 0           ; 1           ; 0           ; 0           ; 0           ; 0           ; 0           ; 0           ; 0           ; 0           ; 1           ;
; state.01010 ; 0           ; 1           ; 0           ; 0           ; 0           ; 0           ; 0           ; 0           ; 0           ; 0           ; 0           ; 1           ;
; state.01011 ; 1           ; 0           ; 0           ; 0           ; 0           ; 0           ; 0           ; 0           ; 0           ; 0           ; 0           ; 1           ;
+-------------+-------------+-------------+-------------+-------------+-------------+-------------+-------------+-------------+-------------+-------------+-------------+-------------+


Encoding Type:  One-Hot
+-----------------------------------------------------------------------------------------------------------------------------------------------------------------------------------------------------------------------+
; State Machine - |spi_mem|servant_spi_master_if:spi_master_if|state                                                                                                                                                    ;
+-------------------------+--------------+-----------------+---------------------+-------------------------+-------------------------+-------------------------+------------------------+------------+------------------+
; Name                    ; state.FINISH ; state.READ_DATA ; state.TRANSMIT_DATA ; state.TRANSMIT_ADDRESS3 ; state.TRANSMIT_ADDRESS2 ; state.TRANSMIT_ADDRESS1 ; state.TRANSMIT_COMMAND ; state.IDLE ; state.TEMP_STATE ;
+-------------------------+--------------+-----------------+---------------------+-------------------------+-------------------------+-------------------------+------------------------+------------+------------------+
; state.IDLE              ; 0            ; 0               ; 0                   ; 0                       ; 0                       ; 0                       ; 0                      ; 0          ; 0                ;
; state.TRANSMIT_COMMAND  ; 0            ; 0               ; 0                   ; 0                       ; 0                       ; 0                       ; 1                      ; 1          ; 0                ;
; state.TRANSMIT_ADDRESS1 ; 0            ; 0               ; 0                   ; 0                       ; 0                       ; 1                       ; 0                      ; 1          ; 0                ;
; state.TRANSMIT_ADDRESS2 ; 0            ; 0               ; 0                   ; 0                       ; 1                       ; 0                       ; 0                      ; 1          ; 0                ;
; state.TRANSMIT_ADDRESS3 ; 0            ; 0               ; 0                   ; 1                       ; 0                       ; 0                       ; 0                      ; 1          ; 0                ;
; state.TRANSMIT_DATA     ; 0            ; 0               ; 1                   ; 0                       ; 0                       ; 0                       ; 0                      ; 1          ; 0                ;
; state.READ_DATA         ; 0            ; 1               ; 0                   ; 0                       ; 0                       ; 0                       ; 0                      ; 1          ; 0                ;
; state.FINISH            ; 1            ; 0               ; 0                   ; 0                       ; 0                       ; 0                       ; 0                      ; 1          ; 0                ;
; state.TEMP_STATE        ; 0            ; 0               ; 0                   ; 0                       ; 0                       ; 0                       ; 0                      ; 1          ; 1                ;
+-------------------------+--------------+-----------------+---------------------+-------------------------+-------------------------+-------------------------+------------------------+------------+------------------+


+-----------------------------------------------------------------------------------------------------------------------------------------------------------------+
; Registers Removed During Synthesis                                                                                                                              ;
+-----------------------------------------------------------------------------------------------+-----------------------------------------------------------------+
; Register name                                                                                 ; Reason for Removal                                              ;
+-----------------------------------------------------------------------------------------------+-----------------------------------------------------------------+
; servant_spi_master_if:spi_master_if|address_reg[2..4,8,11..14,16..23]                         ; Merged with servant_spi_master_if:spi_master_if|address_reg[10] ;
; servant_spi_master_if:spi_master_if|wr_data_reg[0..2,7,8,11,13,15..17,19,22..24,26,27,29..31] ; Merged with servant_spi_master_if:spi_master_if|address_reg[10] ;
; servant_spi_master_if:spi_master_if|address_reg[5..7,9]                                       ; Merged with servant_spi_master_if:spi_master_if|address_reg[15] ;
; wb_mem_sel[3]                                                                                 ; Merged with wb_mem_sel[0]                                       ;
; servant_spi_master_if:spi_master_if|wr_data_reg[3..6,9,12,14,25,28]                           ; Merged with servant_spi_master_if:spi_master_if|wr_data_reg[10] ;
; wb_mem_adr[2..4,8,11..14,16..23]                                                              ; Merged with wb_mem_adr[10]                                      ;
; wb_mem_dat[0..2,7,8,11,13,15..17,19,22..24,26,27,29..31]                                      ; Merged with wb_mem_adr[10]                                      ;
; wb_mem_adr[5..7,9]                                                                            ; Merged with wb_mem_adr[15]                                      ;
; servant_spi_master_if:spi_master_if|wr_data_reg[20,21]                                        ; Merged with servant_spi_master_if:spi_master_if|wr_data_reg[18] ;
; wb_mem_dat[3..6,9,12,14,25,28]                                                                ; Merged with wb_mem_dat[10]                                      ;
; wb_mem_dat[20,21]                                                                             ; Merged with wb_mem_dat[18]                                      ;
; wb_mem_adr[10]                                                                                ; Stuck at GND due to stuck port data_in                          ;
; servant_spi_master_if:spi_master_if|address_reg[10]                                           ; Stuck at GND due to stuck port data_in                          ;
; state~3                                                                                       ; Lost fanout                                                     ;
; state~4                                                                                       ; Lost fanout                                                     ;
; state~5                                                                                       ; Lost fanout                                                     ;
; state~6                                                                                       ; Lost fanout                                                     ;
; state~7                                                                                       ; Lost fanout                                                     ;
; servant_spi_master_if:spi_master_if|state~4                                                   ; Lost fanout                                                     ;
; servant_spi_master_if:spi_master_if|state~5                                                   ; Lost fanout                                                     ;
; servant_spi_master_if:spi_master_if|state~6                                                   ; Lost fanout                                                     ;
; state.00000                                                                                   ; Stuck at GND due to stuck port data_in                          ;
; state.00001                                                                                   ; Stuck at GND due to stuck port data_in                          ;
; wb_mem_dat[10]                                                                                ; Merged with wb_mem_we                                           ;
; Total Number of Removed Registers = 114                                                       ;                                                                 ;
+-----------------------------------------------------------------------------------------------+-----------------------------------------------------------------+


+--------------------------------------------------------------------------------------------------+
; Removed Registers Triggering Further Register Optimizations                                      ;
+----------------+---------------------------+-----------------------------------------------------+
; Register name  ; Reason for Removal        ; Registers Removed due to This Register              ;
+----------------+---------------------------+-----------------------------------------------------+
; wb_mem_adr[10] ; Stuck at GND              ; servant_spi_master_if:spi_master_if|address_reg[10] ;
;                ; due to stuck port data_in ;                                                     ;
; state.00000    ; Stuck at GND              ; state.00001                                         ;
;                ; due to stuck port data_in ;                                                     ;
+----------------+---------------------------+-----------------------------------------------------+


+------------------------------------------------------+
; General Register Statistics                          ;
+----------------------------------------------+-------+
; Statistic                                    ; Value ;
+----------------------------------------------+-------+
; Total registers                              ; 129   ;
; Number of registers using Synchronous Clear  ; 32    ;
; Number of registers using Synchronous Load   ; 3     ;
; Number of registers using Asynchronous Clear ; 31    ;
; Number of registers using Asynchronous Load  ; 0     ;
; Number of registers using Clock Enable       ; 61    ;
; Number of registers using Preset             ; 0     ;
+----------------------------------------------+-------+


+----------------------------------------------------------------+
; Inverted Register Statistics                                   ;
+------------------------------------------------------+---------+
; Inverted Register                                    ; Fan out ;
+------------------------------------------------------+---------+
; servant_spi_master_if:spi_master_if|serial_clk       ; 47      ;
; servant_spi_master_if:spi_master_if|serial_clk_delay ; 2       ;
; Total number of inverted registers = 2               ;         ;
+------------------------------------------------------+---------+


+---------------------------------------------------------------------------------------------------------------------------------------------------------------------------+
; Multiplexer Restructuring Statistics (Restructuring Performed)                                                                                                            ;
+--------------------+-----------+---------------+----------------------+------------------------+------------+-------------------------------------------------------------+
; Multiplexer Inputs ; Bus Width ; Baseline Area ; Area if Restructured ; Saving if Restructured ; Registered ; Example Multiplexer Output                                  ;
+--------------------+-----------+---------------+----------------------+------------------------+------------+-------------------------------------------------------------+
; 3:1                ; 3 bits    ; 6 LEs         ; 3 LEs                ; 3 LEs                  ; Yes        ; |spi_mem|servant_spi_master_if:spi_master_if|bit_cnt[0]     ;
; 3:1                ; 2 bits    ; 4 LEs         ; 4 LEs                ; 0 LEs                  ; Yes        ; |spi_mem|servant_spi_master_if:spi_master_if|last_byte[0]   ;
; 4:1                ; 2 bits    ; 4 LEs         ; 4 LEs                ; 0 LEs                  ; Yes        ; |spi_mem|servant_spi_master_if:spi_master_if|address_reg[0] ;
; 4:1                ; 2 bits    ; 4 LEs         ; 2 LEs                ; 2 LEs                  ; Yes        ; |spi_mem|servant_spi_master_if:spi_master_if|byte_offset[0] ;
; 3:1                ; 4 bits    ; 8 LEs         ; 8 LEs                ; 0 LEs                  ; No         ; |spi_mem|servant_spi_master_if:spi_master_if|state          ;
+--------------------+-----------+---------------+----------------------+------------------------+------------+-------------------------------------------------------------+


+----------------------------------------------------------------------------------+
; Parameter Settings for User Entity Instance: servant_spi_master_if:spi_master_if ;
+----------------+-------+---------------------------------------------------------+
; Parameter Name ; Value ; Type                                                    ;
+----------------+-------+---------------------------------------------------------+
; ADDRESS_WIDTH  ; 24    ; Signed Integer                                          ;
; CLOCK_DIVIDER  ; 2     ; Signed Integer                                          ;
+----------------+-------+---------------------------------------------------------+
Note: In order to hide this table in the UI and the text report file, please set the "Show Parameter Settings in Synthesis Report" option in "Analysis and Synthesis Settings -> More Settings" to "Off".


+-----------------------------------------------------------------+
; Port Connectivity Checks: "servant_spi_master_if:spi_master_if" ;
+--------------+--------+----------+------------------------------+
; Port         ; Type   ; Severity ; Details                      ;
+--------------+--------+----------+------------------------------+
; configed_out ; Output ; Info     ; Explicitly unconnected       ;
+--------------+--------+----------+------------------------------+


+-----------------------------------------------------+
; Post-Synthesis Netlist Statistics for Top Partition ;
+-----------------------+-----------------------------+
; Type                  ; Count                       ;
+-----------------------+-----------------------------+
; boundary_port         ; 15                          ;
; cycloneiii_ff         ; 129                         ;
;     CLR               ; 10                          ;
;     CLR SCLR          ; 16                          ;
;     ENA               ; 55                          ;
;     ENA CLR           ; 5                           ;
;     ENA SLD           ; 1                           ;
;     SCLR              ; 16                          ;
;     SLD               ; 2                           ;
;     plain             ; 24                          ;
; cycloneiii_lcell_comb ; 155                         ;
;     arith             ; 15                          ;
;         2 data inputs ; 15                          ;
;     normal            ; 140                         ;
;         1 data inputs ; 5                           ;
;         2 data inputs ; 13                          ;
;         3 data inputs ; 30                          ;
;         4 data inputs ; 92                          ;
;                       ;                             ;
; Max LUT depth         ; 4.00                        ;
; Average LUT depth     ; 2.58                        ;
+-----------------------+-----------------------------+


+-------------------------------+
; Elapsed Time Per Partition    ;
+----------------+--------------+
; Partition Name ; Elapsed Time ;
+----------------+--------------+
; Top            ; 00:00:00     ;
+----------------+--------------+


+-------------------------------+
; Analysis & Synthesis Messages ;
+-------------------------------+
Info: *******************************************************************
Info: Running Quartus Prime Analysis & Synthesis
    Info: Version 20.1.1 Build 720 11/11/2020 SJ Lite Edition
    Info: Processing started: Wed Apr 30 18:15:58 2025
Info: Command: quartus_map --read_settings_files=on --write_settings_files=off spi_mem -c spi_mem
Warning (18236): Number of processors has not been specified which may cause overloading on shared machines.  Set the global assignment NUM_PARALLEL_PROCESSORS in your QSF to an appropriate value for best performance.
Info (20030): Parallel compilation is enabled and will use 4 of the 4 processors detected
Info (12021): Found 1 design units, including 1 entities, in source file serv_spi_ram-add_initial_changes/serv_spi_ram-add_initial_changes/servant/servive_clock_gen.v
    Info (12023): Found entity 1: servive_clock_gen File: D:/Github/2025-fpga-design-projects-fpga_SPI_I2C/wb_spi_bridge_test/serv_spi_ram-add_initial_changes/serv_spi_ram-add_initial_changes/servant/servive_clock_gen.v Line: 2
Info (12021): Found 1 design units, including 1 entities, in source file spi_mem_quartus.sv
    Info (12023): Found entity 1: spi_mem_quartus File: D:/Github/2025-fpga-design-projects-fpga_SPI_I2C/wb_spi_bridge_test/spi_mem_quartus.sv Line: 2
Info (12021): Found 1 design units, including 1 entities, in source file spi_mem_tb.v
    Info (12023): Found entity 1: spi_mem_tb File: D:/Github/2025-fpga-design-projects-fpga_SPI_I2C/wb_spi_bridge_test/spi_mem_tb.v Line: 3
Info (12021): Found 1 design units, including 1 entities, in source file spi_mem.v
    Info (12023): Found entity 1: spi_mem File: D:/Github/2025-fpga-design-projects-fpga_SPI_I2C/wb_spi_bridge_test/spi_mem.v Line: 2
Info (12021): Found 1 design units, including 1 entities, in source file serv_spi_ram-add_initial_changes/serv_spi_ram-add_initial_changes/servant_spi/servant_spi_top.v
    Info (12023): Found entity 1: servant_spi_top File: D:/Github/2025-fpga-design-projects-fpga_SPI_I2C/wb_spi_bridge_test/serv_spi_ram-add_initial_changes/serv_spi_ram-add_initial_changes/servant_spi/servant_spi_top.v Line: 2
Info (12021): Found 1 design units, including 1 entities, in source file serv_spi_ram-add_initial_changes/serv_spi_ram-add_initial_changes/servant_spi/servant_spi_slave_if.v
    Info (12023): Found entity 1: servant_spi_slave_if File: D:/Github/2025-fpga-design-projects-fpga_SPI_I2C/wb_spi_bridge_test/serv_spi_ram-add_initial_changes/serv_spi_ram-add_initial_changes/servant_spi/servant_spi_slave_if.v Line: 2
Info (12021): Found 1 design units, including 1 entities, in source file serv_spi_ram-add_initial_changes/serv_spi_ram-add_initial_changes/servant_spi/servant_spi_ram.v
    Info (12023): Found entity 1: servant_spi_ram File: D:/Github/2025-fpga-design-projects-fpga_SPI_I2C/wb_spi_bridge_test/serv_spi_ram-add_initial_changes/serv_spi_ram-add_initial_changes/servant_spi/servant_spi_ram.v Line: 2
Info (12021): Found 1 design units, including 1 entities, in source file serv_spi_ram-add_initial_changes/serv_spi_ram-add_initial_changes/servant_spi/servant_spi_master_if.v
    Info (12023): Found entity 1: servant_spi_master_if File: D:/Github/2025-fpga-design-projects-fpga_SPI_I2C/wb_spi_bridge_test/serv_spi_ram-add_initial_changes/serv_spi_ram-add_initial_changes/servant_spi/servant_spi_master_if.v Line: 2
Info (12127): Elaborating entity "spi_mem" for the top level hierarchy
Info (12128): Elaborating entity "servive_clock_gen" for hierarchy "servive_clock_gen:clock_gen" File: D:/Github/2025-fpga-design-projects-fpga_SPI_I2C/wb_spi_bridge_test/spi_mem.v Line: 54
Info (12128): Elaborating entity "servant_spi_master_if" for hierarchy "servant_spi_master_if:spi_master_if" File: D:/Github/2025-fpga-design-projects-fpga_SPI_I2C/wb_spi_bridge_test/spi_mem.v Line: 75
Warning (10036): Verilog HDL or VHDL warning at servant_spi_master_if.v(57): object "serial_clk_posedge" assigned a value but never read File: D:/Github/2025-fpga-design-projects-fpga_SPI_I2C/wb_spi_bridge_test/serv_spi_ram-add_initial_changes/serv_spi_ram-add_initial_changes/servant_spi/servant_spi_master_if.v Line: 57
Info (10264): Verilog HDL Case Statement information at servant_spi_master_if.v(198): all case item expressions in this case statement are onehot File: D:/Github/2025-fpga-design-projects-fpga_SPI_I2C/wb_spi_bridge_test/serv_spi_ram-add_initial_changes/serv_spi_ram-add_initial_changes/servant_spi/servant_spi_master_if.v Line: 198
Info (10264): Verilog HDL Case Statement information at servant_spi_master_if.v(238): all case item expressions in this case statement are onehot File: D:/Github/2025-fpga-design-projects-fpga_SPI_I2C/wb_spi_bridge_test/serv_spi_ram-add_initial_changes/serv_spi_ram-add_initial_changes/servant_spi/servant_spi_master_if.v Line: 238
Info (10264): Verilog HDL Case Statement information at servant_spi_master_if.v(275): all case item expressions in this case statement are onehot File: D:/Github/2025-fpga-design-projects-fpga_SPI_I2C/wb_spi_bridge_test/serv_spi_ram-add_initial_changes/serv_spi_ram-add_initial_changes/servant_spi/servant_spi_master_if.v Line: 275
Info (13000): Registers with preset signals will power-up high File: D:/Github/2025-fpga-design-projects-fpga_SPI_I2C/wb_spi_bridge_test/serv_spi_ram-add_initial_changes/serv_spi_ram-add_initial_changes/servant_spi/servant_spi_master_if.v Line: 76
Info (13003): DEV_CLRn pin will set, and not reset, register with preset signal due to NOT Gate Push-Back
Info (286030): Timing-Driven Synthesis is running
Info (17049): 8 registers lost all their fanouts during netlist optimizations.
Info (16010): Generating hard_block partition "hard_block:auto_generated_inst"
    Info (16011): Adding 0 node(s), including 0 DDIO, 0 PLL, 0 transceiver and 0 LCELL
Info (21057): Implemented 231 device resources after synthesis - the final resource count might be different
    Info (21058): Implemented 4 input pins
    Info (21059): Implemented 11 output pins
    Info (21061): Implemented 216 logic cells
Info: Quartus Prime Analysis & Synthesis was successful. 0 errors, 2 warnings
    Info: Peak virtual memory: 4781 megabytes
    Info: Processing ended: Wed Apr 30 18:16:09 2025
    Info: Elapsed time: 00:00:11
    Info: Total CPU time (on all processors): 00:00:24


