------------------------------------------------------------
Timing Analyzer Summary
------------------------------------------------------------

Type  : Slow 1200mV 85C Model Setup 'i_clk'
Slack : -3.266
TNS   : -146.749

Type  : Slow 1200mV 85C Model Setup 'servant_spi_master_if:spi_master_if|serial_clk'
Slack : -1.533
TNS   : -50.997

Type  : Slow 1200mV 85C Model Hold 'servant_spi_master_if:spi_master_if|serial_clk'
Slack : 0.017
TNS   : 0.000

Type  : Slow 1200mV 85C Model Hold 'i_clk'
Slack : 0.343
TNS   : 0.000

Type  : Slow 1200mV 85C Model Recovery 'i_clk'
Slack : -1.176
TNS   : -26.220

Type  : Slow 1200mV 85C Model Removal 'i_clk'
Slack : 1.155
TNS   : 0.000

Type  : Slow 1200mV 85C Model Minimum Pulse Width 'i_clk'
Slack : -3.000
TNS   : -91.000

Type  : Slow 1200mV 85C Model Minimum Pulse Width 'servant_spi_master_if:spi_master_if|serial_clk'
Slack : -1.000
TNS   : -41.000

Type  : Slow 1200mV 0C Model Setup 'i_clk'
Slack : -2.866
TNS   : -126.741

Type  : Slow 1200mV 0C Model Setup 'servant_spi_master_if:spi_master_if|serial_clk'
Slack : -1.391
TNS   : -46.235

Type  : Slow 1200mV 0C Model Hold 'servant_spi_master_if:spi_master_if|serial_clk'
Slack : 0.069
TNS   : 0.000

Type  : Slow 1200mV 0C Model Hold 'i_clk'
Slack : 0.298
TNS   : 0.000

Type  : Slow 1200mV 0C Model Recovery 'i_clk'
Slack : -0.935
TNS   : -20.266

Type  : Slow 1200mV 0C Model Removal 'i_clk'
Slack : 1.063
TNS   : 0.000

Type  : Slow 1200mV 0C Model Minimum Pulse Width 'i_clk'
Slack : -3.000
TNS   : -91.000

Type  : Slow 1200mV 0C Model Minimum Pulse Width 'servant_spi_master_if:spi_master_if|serial_clk'
Slack : -1.000
TNS   : -41.000

Type  : Fast 1200mV 0C Model Setup 'i_clk'
Slack : -1.730
TNS   : -56.656

Type  : Fast 1200mV 0C Model Setup 'servant_spi_master_if:spi_master_if|serial_clk'
Slack : -0.513
TNS   : -15.027

Type  : Fast 1200mV 0C Model Hold 'i_clk'
Slack : 0.102
TNS   : 0.000

Type  : Fast 1200mV 0C Model Hold 'servant_spi_master_if:spi_master_if|serial_clk'
Slack : 0.136
TNS   : 0.000

Type  : Fast 1200mV 0C Model Recovery 'i_clk'
Slack : -0.272
TNS   : -2.565

Type  : Fast 1200mV 0C Model Removal 'i_clk'
Slack : 0.596
TNS   : 0.000

Type  : Fast 1200mV 0C Model Minimum Pulse Width 'i_clk'
Slack : -3.000
TNS   : -96.754

Type  : Fast 1200mV 0C Model Minimum Pulse Width 'servant_spi_master_if:spi_master_if|serial_clk'
Slack : -1.000
TNS   : -41.000

------------------------------------------------------------
