------------------------------------------------------------
Timing Analyzer Summary
------------------------------------------------------------

Type  : Slow 1200mV 85C Model Setup 'clk'
Slack : -0.537
TNS   : -8.310

Type  : Slow 1200mV 85C Model Setup 'altera_reserved_tck'
Slack : 47.303
TNS   : 0.000

Type  : Slow 1200mV 85C Model Setup 'clock_gen|pll|auto_generated|pll1|clk[0]'
Slack : 53.724
TNS   : 0.000

Type  : Slow 1200mV 85C Model Hold 'clock_gen|pll|auto_generated|pll1|clk[0]'
Slack : 0.253
TNS   : 0.000

Type  : Slow 1200mV 85C Model Hold 'clk'
Slack : 0.312
TNS   : 0.000

Type  : Slow 1200mV 85C Model Hold 'altera_reserved_tck'
Slack : 0.358
TNS   : 0.000

Type  : Slow 1200mV 85C Model Recovery 'altera_reserved_tck'
Slack : 47.916
TNS   : 0.000

Type  : Slow 1200mV 85C Model Removal 'altera_reserved_tck'
Slack : 1.269
TNS   : 0.000

Type  : Slow 1200mV 85C Model Minimum Pulse Width 'clk'
Slack : 9.485
TNS   : 0.000

Type  : Slow 1200mV 85C Model Minimum Pulse Width 'clock_gen|pll|auto_generated|pll1|clk[0]'
Slack : 30.990
TNS   : 0.000

Type  : Slow 1200mV 85C Model Minimum Pulse Width 'altera_reserved_tck'
Slack : 49.626
TNS   : 0.000

Type  : Slow 1200mV 0C Model Setup 'clk'
Slack : -0.249
TNS   : -0.697

Type  : Slow 1200mV 0C Model Setup 'altera_reserved_tck'
Slack : 47.599
TNS   : 0.000

Type  : Slow 1200mV 0C Model Setup 'clock_gen|pll|auto_generated|pll1|clk[0]'
Slack : 54.564
TNS   : 0.000

Type  : Slow 1200mV 0C Model Hold 'clock_gen|pll|auto_generated|pll1|clk[0]'
Slack : 0.253
TNS   : 0.000

Type  : Slow 1200mV 0C Model Hold 'clk'
Slack : 0.310
TNS   : 0.000

Type  : Slow 1200mV 0C Model Hold 'altera_reserved_tck'
Slack : 0.311
TNS   : 0.000

Type  : Slow 1200mV 0C Model Recovery 'altera_reserved_tck'
Slack : 48.183
TNS   : 0.000

Type  : Slow 1200mV 0C Model Removal 'altera_reserved_tck'
Slack : 1.156
TNS   : 0.000

Type  : Slow 1200mV 0C Model Minimum Pulse Width 'clk'
Slack : 9.489
TNS   : 0.000

Type  : Slow 1200mV 0C Model Minimum Pulse Width 'clock_gen|pll|auto_generated|pll1|clk[0]'
Slack : 30.993
TNS   : 0.000

Type  : Slow 1200mV 0C Model Minimum Pulse Width 'altera_reserved_tck'
Slack : 49.600
TNS   : 0.000

Type  : Fast 1200mV 0C Model Setup 'clk'
Slack : 0.588
TNS   : 0.000

Type  : Fast 1200mV 0C Model Setup 'altera_reserved_tck'
Slack : 48.669
TNS   : 0.000

Type  : Fast 1200mV 0C Model Setup 'clock_gen|pll|auto_generated|pll1|clk[0]'
Slack : 57.681
TNS   : 0.000

Type  : Fast 1200mV 0C Model Hold 'clock_gen|pll|auto_generated|pll1|clk[0]'
Slack : 0.116
TNS   : 0.000

Type  : Fast 1200mV 0C Model Hold 'clk'
Slack : 0.149
TNS   : 0.000

Type  : Fast 1200mV 0C Model Hold 'altera_reserved_tck'
Slack : 0.187
TNS   : 0.000

Type  : Fast 1200mV 0C Model Recovery 'altera_reserved_tck'
Slack : 48.967
TNS   : 0.000

Type  : Fast 1200mV 0C Model Removal 'altera_reserved_tck'
Slack : 0.694
TNS   : 0.000

Type  : Fast 1200mV 0C Model Minimum Pulse Width 'clk'
Slack : 9.206
TNS   : 0.000

Type  : Fast 1200mV 0C Model Minimum Pulse Width 'clock_gen|pll|auto_generated|pll1|clk[0]'
Slack : 30.999
TNS   : 0.000

Type  : Fast 1200mV 0C Model Minimum Pulse Width 'altera_reserved_tck'
Slack : 49.482
TNS   : 0.000

------------------------------------------------------------
