------------------------------------------------------------
Timing Analyzer Summary
------------------------------------------------------------

Type  : Slow 1200mV 85C Model Setup 'clk'
Slack : -0.313
TNS   : -0.383

Type  : Slow 1200mV 85C Model Setup 'altera_reserved_tck'
Slack : 46.349
TNS   : 0.000

Type  : Slow 1200mV 85C Model Setup 'clock_gen|pll|auto_generated|pll1|clk[0]'
Slack : 52.817
TNS   : 0.000

Type  : Slow 1200mV 85C Model Hold 'clock_gen|pll|auto_generated|pll1|clk[0]'
Slack : 0.283
TNS   : 0.000

Type  : Slow 1200mV 85C Model Hold 'clk'
Slack : 0.294
TNS   : 0.000

Type  : Slow 1200mV 85C Model Hold 'altera_reserved_tck'
Slack : 0.358
TNS   : 0.000

Type  : Slow 1200mV 85C Model Recovery 'altera_reserved_tck'
Slack : 47.983
TNS   : 0.000

Type  : Slow 1200mV 85C Model Removal 'altera_reserved_tck'
Slack : 1.283
TNS   : 0.000

Type  : Slow 1200mV 85C Model Minimum Pulse Width 'clk'
Slack : 9.490
TNS   : 0.000

Type  : Slow 1200mV 85C Model Minimum Pulse Width 'clock_gen|pll|auto_generated|pll1|clk[0]'
Slack : 30.992
TNS   : 0.000

Type  : Slow 1200mV 85C Model Minimum Pulse Width 'altera_reserved_tck'
Slack : 49.625
TNS   : 0.000

Type  : Slow 1200mV 0C Model Setup 'clk'
Slack : -0.056
TNS   : -0.056

Type  : Slow 1200mV 0C Model Setup 'altera_reserved_tck'
Slack : 46.784
TNS   : 0.000

Type  : Slow 1200mV 0C Model Setup 'clock_gen|pll|auto_generated|pll1|clk[0]'
Slack : 53.801
TNS   : 0.000

Type  : Slow 1200mV 0C Model Hold 'clock_gen|pll|auto_generated|pll1|clk[0]'
Slack : 0.277
TNS   : 0.000

Type  : Slow 1200mV 0C Model Hold 'clk'
Slack : 0.290
TNS   : 0.000

Type  : Slow 1200mV 0C Model Hold 'altera_reserved_tck'
Slack : 0.311
TNS   : 0.000

Type  : Slow 1200mV 0C Model Recovery 'altera_reserved_tck'
Slack : 48.237
TNS   : 0.000

Type  : Slow 1200mV 0C Model Removal 'altera_reserved_tck'
Slack : 1.165
TNS   : 0.000

Type  : Slow 1200mV 0C Model Minimum Pulse Width 'clk'
Slack : 9.490
TNS   : 0.000

Type  : Slow 1200mV 0C Model Minimum Pulse Width 'clock_gen|pll|auto_generated|pll1|clk[0]'
Slack : 30.993
TNS   : 0.000

Type  : Slow 1200mV 0C Model Minimum Pulse Width 'altera_reserved_tck'
Slack : 49.600
TNS   : 0.000

Type  : Fast 1200mV 0C Model Setup 'clk'
Slack : 0.751
TNS   : 0.000

Type  : Fast 1200mV 0C Model Setup 'altera_reserved_tck'
Slack : 48.077
TNS   : 0.000

Type  : Fast 1200mV 0C Model Setup 'clock_gen|pll|auto_generated|pll1|clk[0]'
Slack : 57.179
TNS   : 0.000

Type  : Fast 1200mV 0C Model Hold 'clock_gen|pll|auto_generated|pll1|clk[0]'
Slack : 0.130
TNS   : 0.000

Type  : Fast 1200mV 0C Model Hold 'clk'
Slack : 0.142
TNS   : 0.000

Type  : Fast 1200mV 0C Model Hold 'altera_reserved_tck'
Slack : 0.188
TNS   : 0.000

Type  : Fast 1200mV 0C Model Recovery 'altera_reserved_tck'
Slack : 49.006
TNS   : 0.000

Type  : Fast 1200mV 0C Model Removal 'altera_reserved_tck'
Slack : 0.710
TNS   : 0.000

Type  : Fast 1200mV 0C Model Minimum Pulse Width 'clk'
Slack : 9.209
TNS   : 0.000

Type  : Fast 1200mV 0C Model Minimum Pulse Width 'clock_gen|pll|auto_generated|pll1|clk[0]'
Slack : 31.001
TNS   : 0.000

Type  : Fast 1200mV 0C Model Minimum Pulse Width 'altera_reserved_tck'
Slack : 49.485
TNS   : 0.000

------------------------------------------------------------
